// Jest Snapshot v1, https://goo.gl/fbAQLP

exports[`AppImageRemote should render correctly 1`] = `
<View
  style={
    Array [
      Object {
        "overflow": "hidden",
      },
      Array [
        Object {
          "alignItems": "center",
          "height": 86,
          "justifyContent": "center",
          "width": 86,
        },
        Object {
          "backgroundColor": "red",
          "margin": 20,
        },
      ],
    ]
  }
>
  <FastImageView
    onFastImageError={[Function]}
    onFastImageLoad={[Function]}
    resizeMode="cover"
    source={
      Object {
        "uri": "https://i.pinimg.com/564x/7c/93/2e/7c932e5fc8a86804082cd22203455f8f.jpg",
      }
    }
    style={
      Object {
        "bottom": 0,
        "left": 0,
        "position": "absolute",
        "right": 0,
        "top": 0,
      }
    }
  />
  <View
    style={
      Array [
        Object {
          "alignItems": "center",
          "flexDirection": "row",
          "justifyContent": "center",
          "paddingBottom": 6,
          "paddingRight": 6,
        },
        Array [
          Object {
            "backgroundColor": "#FFFFFF8A",
          },
          Object {
            "backgroundColor": "red",
            "margin": 20,
          },
        ],
      ]
    }
  >
    <RNSpinkit
      color={4278190080}
      size={24}
      style={
        Array [
          Object {
            "height": 24,
            "width": 24,
          },
          undefined,
        ]
      }
      type="Circle"
    />
  </View>
</View>
`;
